// Vitest Snapshot v1, https://vitest.dev/guide/snapshot.html

exports[`EN examples — Speakeasy lorem placeholders > lorem-bearing operations (tracked snapshot, split by example kind) 1`] = `
{
  "request": [
    "aggregate_spans_v1_observability_spans_aggregate_post",
    "aggregate_traces_v1_observability_traces_aggregate_post",
    "create_deployment_v1_workflows_deployments_post",
    "files_api_routes_upload_file",
    "libraries_documents_upload_v1",
    "register_deployment_v1_rag_deployments_put",
    "update_index_metrics_v1_rag_deployments_deployment_id_metrics_put",
    "users_api_admin_user_groups_set_nested_groups",
  ],
  "response": [
    "aggregate_spans_v1_observability_spans_aggregate_post",
    "aggregate_traces_v1_observability_traces_aggregate_post",
    "get_deployment_logs",
    "get_span_by_id_v1_observability_traces_trace_id_spans_span_id_get",
    "get_trace_by_id_v1_observability_traces_trace_id_get",
    "get_workflow_execution_logs",
    "users_admin_user_groups_get_group_workspace_assignments",
    "users_api_admin_audit_logs_get_audit_logs",
    "users_api_admin_users_create_users",
    "users_api_admin_users_invite_users",
  ],
}
`;
