// Vitest Snapshot v1, https://vitest.dev/guide/snapshot.html

exports[`EN examples — Speakeasy lorem placeholders > lorem-bearing operations (tracked snapshot, split by example kind) 1`] = `
{
  "request": [
    "files_api_routes_upload_file",
    "libraries_documents_upload_v1",
  ],
  "response": [
    "get_span_by_id_v1_observability_traces_trace_id_spans_span_id_get",
    "get_trace_by_id_v1_observability_traces_trace_id_get",
    "get_workflow_execution_logs",
    "jobs_api_routes_fine_tuning_cancel_fine_tuning_job",
    "jobs_api_routes_fine_tuning_get_fine_tuning_job",
    "jobs_api_routes_fine_tuning_start_fine_tuning_job",
  ],
}
`;
