// Vitest Snapshot v1, https://vitest.dev/guide/snapshot.html

exports[`tracked gaps (EN snapshots) > SDK language coverage gaps (endpoints lacking a TS / Python sample) 1`] = `
{
  "python": [
    "agents_api_v1_agents_list_pages",
    "aggregate_spans_v1_observability_spans_aggregate_post",
    "aggregate_traces_v1_observability_traces_aggregate_post",
    "connector_activate_for_consumer_v1",
    "connector_deactivate_for_consumer_v1",
    "connector_delete_all_user_credentials_v1",
    "connector_unshare_v1",
    "create_deployment_v1_workflows_deployments_post",
    "delete_deployment_v1_workflows_deployments__name__delete",
    "get_by_agent_stats_v1_admin_analytics_vibe_work_usage_by_agent_stats",
    "get_by_time_stats_v1_admin_analytics_vibe_work_usage_by_time_stats",
    "get_by_user_stats_v1_admin_analytics_vibe_work_usage_by_user_stats",
    "get_deployment_summaries_v1_rag_deployments_get",
    "get_organization_stats_v1_admin_analytics_vibe_code_usage_by_organization",
    "get_stream_events_v1_workflows_events_stream_get",
    "get_workflow_events_v1_workflows_events_list_get",
    "get_workspace_stats_v1_admin_analytics_vibe_code_usage_by_workspace",
    "list_deployment_workers_v1_workflows_deployments__name__workers_get",
    "register_deployment_v1_rag_deployments_put",
    "restart_deployment_v1_workflows_deployments__name__restart_post",
    "start_deployment_v1_workflows_deployments__name__start_post",
    "stop_deployment_v1_workflows_deployments__name__stop_post",
    "unregister_deployment_v1_rag_deployments__deployment_id__delete",
    "update_deployment_v1_workflows_deployments__name__patch",
    "update_index_metrics_v1_rag_deployments__deployment_id__metrics_put",
    "users_admin_user_groups_get_group_workspace_assignments",
    "users_admin_user_groups_remove_group_from_workspace",
    "users_admin_user_groups_update_group_workspace_assignment",
    "users_admin_user_groups_update_user_group_organization_role",
    "users_api_admin_api_keys_create_api_key",
    "users_api_admin_api_keys_delete_api_key",
    "users_api_admin_api_keys_get_api_keys",
    "users_api_admin_audit_logs_get_audit_logs",
    "users_api_admin_rate_limits_get_rate_limits",
    "users_api_admin_roles_get_roles",
    "users_api_admin_scim_sync_get_scim_sync_run",
    "users_api_admin_scim_sync_trigger_scim_sync",
    "users_api_admin_spend_limits_get_spend_limits",
    "users_api_admin_spend_limits_update_spend_limits",
    "users_api_admin_usage_get_usage",
    "users_api_admin_user_groups_assign_group_to_workspace",
    "users_api_admin_user_groups_assign_users_to_group",
    "users_api_admin_user_groups_create_user_group",
    "users_api_admin_user_groups_delete_user_group",
    "users_api_admin_user_groups_get_nested_groups",
    "users_api_admin_user_groups_get_user_group",
    "users_api_admin_user_groups_get_user_group_members",
    "users_api_admin_user_groups_get_user_groups",
    "users_api_admin_user_groups_provision_group_to_workspace",
    "users_api_admin_user_groups_remove_users_from_group",
    "users_api_admin_user_groups_set_nested_groups",
    "users_api_admin_user_groups_update_user_group",
    "users_api_admin_users_create_users",
    "users_api_admin_users_delete_invite",
    "users_api_admin_users_delete_user",
    "users_api_admin_users_get_invite",
    "users_api_admin_users_get_user",
    "users_api_admin_users_get_users",
    "users_api_admin_users_invite_users",
    "users_api_admin_users_update_user",
    "users_api_admin_workspaces_add_or_update_users_workspaces",
    "users_api_admin_workspaces_add_users_workspaces",
    "users_api_admin_workspaces_create_workspace",
    "users_api_admin_workspaces_delete_workspaces",
    "users_api_admin_workspaces_get_workspaces",
    "users_api_admin_workspaces_remove_users_workspaces",
    "users_api_admin_workspaces_update_workspaces",
    "users_api_list_organizations",
    "users_api_list_workspaces",
  ],
  "typescript": [
    "agents_api_v1_agents_list_pages",
    "aggregate_spans_v1_observability_spans_aggregate_post",
    "aggregate_traces_v1_observability_traces_aggregate_post",
    "connector_activate_for_consumer_v1",
    "connector_deactivate_for_consumer_v1",
    "connector_delete_all_user_credentials_v1",
    "connector_unshare_v1",
    "create_deployment_v1_workflows_deployments_post",
    "delete_deployment_v1_workflows_deployments__name__delete",
    "get_by_agent_stats_v1_admin_analytics_vibe_work_usage_by_agent_stats",
    "get_by_time_stats_v1_admin_analytics_vibe_work_usage_by_time_stats",
    "get_by_user_stats_v1_admin_analytics_vibe_work_usage_by_user_stats",
    "get_deployment_summaries_v1_rag_deployments_get",
    "get_log_field_options_v1_observability_logs_fields__field_name__options_get",
    "get_log_fields_v1_observability_logs_fields_get",
    "get_organization_stats_v1_admin_analytics_vibe_code_usage_by_organization",
    "get_stream_events_v1_workflows_events_stream_get",
    "get_workflow_events_v1_workflows_events_list_get",
    "get_workspace_stats_v1_admin_analytics_vibe_code_usage_by_workspace",
    "list_deployment_workers_v1_workflows_deployments__name__workers_get",
    "register_deployment_v1_rag_deployments_put",
    "restart_deployment_v1_workflows_deployments__name__restart_post",
    "search_logs_v1_observability_logs_search_post",
    "start_deployment_v1_workflows_deployments__name__start_post",
    "stop_deployment_v1_workflows_deployments__name__stop_post",
    "unregister_deployment_v1_rag_deployments__deployment_id__delete",
    "update_deployment_v1_workflows_deployments__name__patch",
    "update_index_metrics_v1_rag_deployments__deployment_id__metrics_put",
    "users_admin_user_groups_get_group_workspace_assignments",
    "users_admin_user_groups_remove_group_from_workspace",
    "users_admin_user_groups_update_group_workspace_assignment",
    "users_admin_user_groups_update_user_group_organization_role",
    "users_api_admin_api_keys_create_api_key",
    "users_api_admin_api_keys_delete_api_key",
    "users_api_admin_api_keys_get_api_keys",
    "users_api_admin_audit_logs_get_audit_logs",
    "users_api_admin_rate_limits_get_rate_limits",
    "users_api_admin_roles_get_roles",
    "users_api_admin_scim_sync_get_scim_sync_run",
    "users_api_admin_scim_sync_trigger_scim_sync",
    "users_api_admin_spend_limits_get_spend_limits",
    "users_api_admin_spend_limits_update_spend_limits",
    "users_api_admin_usage_get_usage",
    "users_api_admin_user_groups_assign_group_to_workspace",
    "users_api_admin_user_groups_assign_users_to_group",
    "users_api_admin_user_groups_create_user_group",
    "users_api_admin_user_groups_delete_user_group",
    "users_api_admin_user_groups_get_nested_groups",
    "users_api_admin_user_groups_get_user_group",
    "users_api_admin_user_groups_get_user_group_members",
    "users_api_admin_user_groups_get_user_groups",
    "users_api_admin_user_groups_provision_group_to_workspace",
    "users_api_admin_user_groups_remove_users_from_group",
    "users_api_admin_user_groups_set_nested_groups",
    "users_api_admin_user_groups_update_user_group",
    "users_api_admin_users_create_users",
    "users_api_admin_users_delete_invite",
    "users_api_admin_users_delete_user",
    "users_api_admin_users_get_invite",
    "users_api_admin_users_get_user",
    "users_api_admin_users_get_users",
    "users_api_admin_users_invite_users",
    "users_api_admin_users_update_user",
    "users_api_admin_workspaces_add_or_update_users_workspaces",
    "users_api_admin_workspaces_add_users_workspaces",
    "users_api_admin_workspaces_create_workspace",
    "users_api_admin_workspaces_delete_workspaces",
    "users_api_admin_workspaces_get_workspaces",
    "users_api_admin_workspaces_remove_users_workspaces",
    "users_api_admin_workspaces_update_workspaces",
    "users_api_list_organizations",
    "users_api_list_workspaces",
  ],
}
`;

exports[`tracked gaps (EN snapshots) > parameters declared in the spec but not rendered on the page 1`] = `
{
  "agents_api_v1_agents_list": [
    "sources",
  ],
  "agents_api_v1_agents_list_pages": [
    "sources",
  ],
  "connector_get_auth_url_v1": [
    "app_return_url",
    "credentials_title",
  ],
  "files_api_routes_list_files": [
    "mimetypes",
    "search",
  ],
  "get_deployment_logs": [
    "worker_name",
  ],
  "get_judges_v1_observability_judges_get": [
    "model_filter",
    "type_filter",
  ],
  "get_schedules_v1_workflows_schedules_get": [
    "page_size",
    "search",
    "status",
    "user_id",
  ],
  "get_stream_events_v1_workflows_events_stream_get": [
    "activity_id",
    "last-event-id",
    "metadata_filters",
    "scope",
    "start_seq",
    "workflow_event_types",
  ],
  "get_workflow_execution_logs": [
    "activity_id",
  ],
  "get_workflow_registrations_v1_workflows_registrations_get": [
    "workflow_search",
  ],
  "get_workflows_v1_workflows_get": [
    "deployment_status",
    "search",
    "sort_by",
  ],
  "jobs_api_routes_batch_get_batch_jobs": [
    "created_after",
  ],
  "libraries_documents_list_v1": [
    "filters_attributes",
  ],
  "libraries_list_v1": [
    "filter_owned_by_me",
    "search",
  ],
  "list_deployments_v1_workflows_deployments_get": [
    "order_by",
  ],
  "list_runs_v1_workflows_runs_get": [
    "end_time_after",
    "end_time_before",
    "search",
    "search_key",
    "sort_by",
    "start_time_after",
    "start_time_before",
    "workflow_identifier",
    "workflow_tags",
  ],
  "prompts_list": [
    "pageSize",
    "pageToken",
    "sort.direction",
    "sort.field",
    "sort_by",
    "sort_direction",
  ],
  "skills_list": [
    "pageSize",
    "pageToken",
    "sort.direction",
    "sort.field",
    "sort_by",
    "sort_direction",
  ],
  "stream_deployment_logs": [
    "worker_name",
  ],
  "stream_workflow_execution_logs": [
    "activity_id",
  ],
  "users_api_admin_audit_logs_get_audit_logs": [
    "actor_user_uuid",
    "after",
    "before",
    "sort",
  ],
}
`;
