// Vitest Snapshot v1, https://vitest.dev/guide/snapshot.html

exports[`tracked gaps (EN snapshots) > SDK language coverage gaps (endpoints lacking a TS / Python sample) 1`] = `
{
  "python": [
    "archive_workflow_v1_workflows__workflow_identifier__archive_put",
    "batch_cancel_workflow_executions_v1_workflows_executions_cancel_post",
    "batch_terminate_workflow_executions_v1_workflows_executions_terminate_post",
    "bulk_archive_workflows_v1_workflows_archive_put",
    "bulk_unarchive_workflows_v1_workflows_unarchive_put",
    "cancel_workflow_execution_v1_workflows_executions__execution_id__cancel_post",
    "connector_create_or_update_organization_credentials_v1",
    "connector_create_or_update_user_credentials_v1",
    "connector_create_or_update_workspace_credentials_v1",
    "connector_deactivate_for_organization_v1",
    "connector_deactivate_for_user_v1",
    "connector_deactivate_for_workspace_v1",
    "connector_delete_organization_credentials_v1",
    "connector_delete_user_credentials_v1",
    "connector_delete_workspace_credentials_v1",
    "connector_get_authentication_methods_v1",
    "connector_list_organization_credentials_v1",
    "connector_list_tools_v1",
    "connector_list_user_credentials_v1",
    "connector_list_workspace_credentials_v1",
    "create_voice_v1_audio_voices_post",
    "delete_voice_v1_audio_voices__voice_id__delete",
    "execute_workflow_registration_v1_workflows_registrations__workflow_registration_id__execute_post",
    "execute_workflow_v1_workflows__workflow_identifier__execute_post",
    "get_configs_v1_rag_ingestion_pipeline_configurations_get",
    "get_deployment_v1_workflows_deployments__name__get",
    "get_log_field_options_v1_observability_logs_fields__field_name__options_get",
    "get_log_fields_v1_observability_logs_fields_get",
    "get_run_history_v1_workflows_runs__run_id__history_get",
    "get_run_v1_workflows_runs__run_id__get",
    "get_schedule_v1_workflows_schedules__schedule_id__get",
    "get_schedules_v1_workflows_schedules_get",
    "get_search_indexes_v1_rag_search_index_get",
    "get_span_by_id_v1_observability_traces__trace_id__spans__span_id__get",
    "get_span_evaluation_field_options_v1_observability_spans_evaluations_fields__field_name__options_get",
    "get_span_evaluation_fields_v1_observability_spans_evaluations_fields_get",
    "get_span_field_options_v1_observability_spans_fields__field_name__options_get",
    "get_span_fields_v1_observability_spans_fields_get",
    "get_stream_events_v1_workflows_events_stream_get",
    "get_trace_by_id_v1_observability_traces__trace_id__get",
    "get_trace_field_options_v1_observability_traces_fields__field_name__options_get",
    "get_trace_fields_v1_observability_traces_fields_get",
    "get_trace_spans_v1_observability_traces__trace_id__spans_get",
    "get_voice_sample_audio_v1_audio_voices__voice_id__sample_get",
    "get_voice_v1_audio_voices__voice_id__get",
    "get_workflow_events_v1_workflows_events_list_get",
    "get_workflow_execution_history_v1_workflows_executions__execution_id__history_get",
    "get_workflow_execution_logs",
    "get_workflow_execution_trace_events",
    "get_workflow_execution_trace_otel",
    "get_workflow_execution_trace_summary",
    "get_workflow_execution_v1_workflows_executions__execution_id__get",
    "get_workflow_metrics_v1_workflows__workflow_name__metrics_get",
    "get_workflow_registration_v1_workflows_registrations__workflow_registration_id__get",
    "get_workflow_registrations_v1_workflows_registrations_get",
    "get_workflow_v1_workflows__workflow_identifier__get",
    "get_workflows_v1_workflows_get",
    "jobs_api_routes_batch_delete_batch_job",
    "judge_conversation_v1_observability_judges__judge_id__live_judging_post",
    "libraries_documents_patch_v1",
    "libraries_patch_v1",
    "list_deployments_v1_workflows_deployments_get",
    "list_runs_v1_workflows_runs_get",
    "list_voices_v1_audio_voices_get",
    "pause_schedule_v1_workflows_schedules__schedule_id__pause_post",
    "query_workflow_execution_v1_workflows_executions__execution_id__queries_post",
    "register_config_v1_rag_ingestion_pipeline_configurations_put",
    "register_search_index_v1_rag_search_index_put",
    "reset_workflow_v1_workflows_executions__execution_id__reset_post",
    "resume_schedule_v1_workflows_schedules__schedule_id__resume_post",
    "schedule_workflow_v1_workflows_schedules_post",
    "search_latest_span_evaluations_v1_observability_spans_evaluations_search_latest_post",
    "search_logs_v1_observability_logs_search_post",
    "search_span_evaluations_v1_observability_spans_evaluations_search_post",
    "search_spans_v1_observability_spans_search_post",
    "search_traces_v1_observability_traces_search_post",
    "signal_workflow_execution_v1_workflows_executions__execution_id__signals_post",
    "speech_v1_audio_speech_post",
    "stream_v1_workflows_executions__execution_id__stream_get",
    "stream_workflow_execution_logs",
    "terminate_workflow_execution_v1_workflows_executions__execution_id__terminate_post",
    "trigger_schedule_v1_workflows_schedules__schedule_id__trigger_post",
    "unarchive_workflow_v1_workflows__workflow_identifier__unarchive_put",
    "unschedule_workflow_v1_workflows_schedules__schedule_id__delete",
    "update_run_info_v1_rag_ingestion_pipeline_configurations__id__run_info_put",
    "update_schedule_v1_workflows_schedules__schedule_id__patch",
    "update_voice_v1_audio_voices__voice_id__patch",
    "update_workflow_execution_v1_workflows_executions__execution_id__updates_post",
    "update_workflow_v1_workflows__workflow_identifier__put",
  ],
  "typescript": [
    "agents_api_v1_agents_create_or_update_alias",
    "agents_api_v1_agents_delete",
    "agents_api_v1_agents_delete_alias",
    "agents_api_v1_agents_get_version",
    "agents_api_v1_agents_list_version_aliases",
    "agents_api_v1_agents_list_versions",
    "agents_api_v1_conversations_delete",
    "archive_workflow_v1_workflows__workflow_identifier__archive_put",
    "batch_cancel_workflow_executions_v1_workflows_executions_cancel_post",
    "batch_terminate_workflow_executions_v1_workflows_executions_terminate_post",
    "bulk_archive_workflows_v1_workflows_archive_put",
    "bulk_unarchive_workflows_v1_workflows_unarchive_put",
    "cancel_workflow_execution_v1_workflows_executions__execution_id__cancel_post",
    "connector_activate_for_organization_v1",
    "connector_activate_for_user_v1",
    "connector_activate_for_workspace_v1",
    "connector_call_tool_v1",
    "connector_create_or_update_organization_credentials_v1",
    "connector_create_or_update_user_credentials_v1",
    "connector_create_or_update_workspace_credentials_v1",
    "connector_create_v1",
    "connector_deactivate_for_organization_v1",
    "connector_deactivate_for_user_v1",
    "connector_deactivate_for_workspace_v1",
    "connector_delete_organization_credentials_v1",
    "connector_delete_user_credentials_v1",
    "connector_delete_v1",
    "connector_delete_workspace_credentials_v1",
    "connector_get_auth_url_v1",
    "connector_get_authentication_methods_v1",
    "connector_get_v1",
    "connector_list_organization_credentials_v1",
    "connector_list_tools_v1",
    "connector_list_user_credentials_v1",
    "connector_list_v1",
    "connector_list_workspace_credentials_v1",
    "connector_update_v1",
    "create_campaign_v1_observability_campaigns_post",
    "create_dataset_record_v1_observability_datasets__dataset_id__records_post",
    "create_dataset_v1_observability_datasets_post",
    "create_judge_v1_observability_judges_post",
    "create_voice_v1_audio_voices_post",
    "delete_campaign_v1_observability_campaigns__campaign_id__delete",
    "delete_dataset_record_v1_observability_dataset_records__dataset_record_id__delete",
    "delete_dataset_records_v1_observability_dataset_records_bulk_delete_post",
    "delete_dataset_v1_observability_datasets__dataset_id__delete",
    "delete_judge_v1_observability_judges__judge_id__delete",
    "delete_voice_v1_audio_voices__voice_id__delete",
    "execute_workflow_registration_v1_workflows_registrations__workflow_registration_id__execute_post",
    "execute_workflow_v1_workflows__workflow_identifier__execute_post",
    "export_dataset_to_jsonl_v1_observability_datasets__dataset_id__exports_to_jsonl_get",
    "get_campaign_by_id_v1_observability_campaigns__campaign_id__get",
    "get_campaign_selected_events_v1_observability_campaigns__campaign_id__selected_events_get",
    "get_campaign_status_by_id_v1_observability_campaigns__campaign_id__status_get",
    "get_campaigns_v1_observability_campaigns_get",
    "get_chat_completion_event_ids_v1_observability_chat_completion_events_search_ids_post",
    "get_chat_completion_event_v1_observability_chat_completion_events__event_id__get",
    "get_chat_completion_events_v1_observability_chat_completion_events_search_post",
    "get_chat_completion_field_options_counts_v1_observability_chat_completion_fields__field_name__options_counts_post",
    "get_chat_completion_field_options_v1_observability_chat_completion_fields__field_name__options_get",
    "get_chat_completion_fields_v1_observability_chat_completion_fields_get",
    "get_configs_v1_rag_ingestion_pipeline_configurations_get",
    "get_dataset_by_id_v1_observability_datasets__dataset_id__get",
    "get_dataset_import_task_v1_observability_datasets__dataset_id__tasks__task_id__get",
    "get_dataset_import_tasks_v1_observability_datasets__dataset_id__tasks_get",
    "get_dataset_record_v1_observability_dataset_records__dataset_record_id__get",
    "get_dataset_records_v1_observability_datasets__dataset_id__records_get",
    "get_datasets_v1_observability_datasets_get",
    "get_deployment_v1_workflows_deployments__name__get",
    "get_judge_by_id_v1_observability_judges__judge_id__get",
    "get_judges_v1_observability_judges_get",
    "get_log_field_options_v1_observability_logs_fields__field_name__options_get",
    "get_log_fields_v1_observability_logs_fields_get",
    "get_run_history_v1_workflows_runs__run_id__history_get",
    "get_run_v1_workflows_runs__run_id__get",
    "get_schedule_v1_workflows_schedules__schedule_id__get",
    "get_schedules_v1_workflows_schedules_get",
    "get_search_indexes_v1_rag_search_index_get",
    "get_similar_chat_completion_events_v1_observability_chat_completion_events__event_id__similar_events_get",
    "get_span_by_id_v1_observability_traces__trace_id__spans__span_id__get",
    "get_span_evaluation_field_options_v1_observability_spans_evaluations_fields__field_name__options_get",
    "get_span_evaluation_fields_v1_observability_spans_evaluations_fields_get",
    "get_span_field_options_v1_observability_spans_fields__field_name__options_get",
    "get_span_fields_v1_observability_spans_fields_get",
    "get_stream_events_v1_workflows_events_stream_get",
    "get_trace_by_id_v1_observability_traces__trace_id__get",
    "get_trace_field_options_v1_observability_traces_fields__field_name__options_get",
    "get_trace_fields_v1_observability_traces_fields_get",
    "get_trace_spans_v1_observability_traces__trace_id__spans_get",
    "get_voice_sample_audio_v1_audio_voices__voice_id__sample_get",
    "get_voice_v1_audio_voices__voice_id__get",
    "get_workflow_events_v1_workflows_events_list_get",
    "get_workflow_execution_history_v1_workflows_executions__execution_id__history_get",
    "get_workflow_execution_logs",
    "get_workflow_execution_trace_events",
    "get_workflow_execution_trace_otel",
    "get_workflow_execution_trace_summary",
    "get_workflow_execution_v1_workflows_executions__execution_id__get",
    "get_workflow_metrics_v1_workflows__workflow_name__metrics_get",
    "get_workflow_registration_v1_workflows_registrations__workflow_registration_id__get",
    "get_workflow_registrations_v1_workflows_registrations_get",
    "get_workflow_v1_workflows__workflow_identifier__get",
    "get_workflows_v1_workflows_get",
    "jobs_api_routes_batch_delete_batch_job",
    "judge_chat_completion_event_v1_observability_chat_completion_events__event_id__live_judging_post",
    "judge_conversation_v1_observability_judges__judge_id__live_judging_post",
    "judge_dataset_record_v1_observability_dataset_records__dataset_record_id__live_judging_post",
    "libraries_documents_patch_v1",
    "libraries_patch_v1",
    "list_deployments_v1_workflows_deployments_get",
    "list_runs_v1_workflows_runs_get",
    "list_voices_v1_audio_voices_get",
    "pause_schedule_v1_workflows_schedules__schedule_id__pause_post",
    "post_dataset_records_from_campaign_v1_observability_datasets__dataset_id__imports_from_campaign_post",
    "post_dataset_records_from_dataset_v1_observability_datasets__dataset_id__imports_from_dataset_post",
    "post_dataset_records_from_explorer_v1_observability_datasets__dataset_id__imports_from_explorer_post",
    "post_dataset_records_from_file_v1_observability_datasets__dataset_id__imports_from_file_post",
    "post_dataset_records_from_playground_v1_observability_datasets__dataset_id__imports_from_playground_post",
    "query_workflow_execution_v1_workflows_executions__execution_id__queries_post",
    "register_config_v1_rag_ingestion_pipeline_configurations_put",
    "register_search_index_v1_rag_search_index_put",
    "reset_workflow_v1_workflows_executions__execution_id__reset_post",
    "resume_schedule_v1_workflows_schedules__schedule_id__resume_post",
    "schedule_workflow_v1_workflows_schedules_post",
    "search_latest_span_evaluations_v1_observability_spans_evaluations_search_latest_post",
    "search_logs_v1_observability_logs_search_post",
    "search_span_evaluations_v1_observability_spans_evaluations_search_post",
    "search_spans_v1_observability_spans_search_post",
    "search_traces_v1_observability_traces_search_post",
    "signal_workflow_execution_v1_workflows_executions__execution_id__signals_post",
    "speech_v1_audio_speech_post",
    "stream_v1_workflows_executions__execution_id__stream_get",
    "stream_workflow_execution_logs",
    "terminate_workflow_execution_v1_workflows_executions__execution_id__terminate_post",
    "trigger_schedule_v1_workflows_schedules__schedule_id__trigger_post",
    "unarchive_workflow_v1_workflows__workflow_identifier__unarchive_put",
    "unschedule_workflow_v1_workflows_schedules__schedule_id__delete",
    "update_dataset_record_payload_v1_observability_dataset_records__dataset_record_id__payload_put",
    "update_dataset_record_properties_v1_observability_dataset_records__dataset_record_id__properties_put",
    "update_dataset_v1_observability_datasets__dataset_id__patch",
    "update_judge_v1_observability_judges__judge_id__put",
    "update_run_info_v1_rag_ingestion_pipeline_configurations__id__run_info_put",
    "update_schedule_v1_workflows_schedules__schedule_id__patch",
    "update_voice_v1_audio_voices__voice_id__patch",
    "update_workflow_execution_v1_workflows_executions__execution_id__updates_post",
    "update_workflow_v1_workflows__workflow_identifier__put",
  ],
}
`;

exports[`tracked gaps (EN snapshots) > parameters declared in the spec but not rendered on the page 1`] = `
{
  "agents_api_v1_agents_list": [
    "sources",
  ],
  "connector_get_auth_url_v1": [
    "app_return_url",
    "github_installation_link",
  ],
  "connector_list_tools_v1": [
    "pretty",
  ],
  "files_api_routes_list_files": [
    "mimetypes",
    "search",
  ],
  "get_judges_v1_observability_judges_get": [
    "model_filter",
    "type_filter",
  ],
  "get_schedules_v1_workflows_schedules_get": [
    "page_size",
    "status",
    "user_id",
  ],
  "get_stream_events_v1_workflows_events_stream_get": [
    "activity_id",
    "last-event-id",
    "metadata_filters",
    "scope",
    "start_seq",
    "workflow_event_types",
  ],
  "get_trace_spans_v1_observability_traces__trace_id__spans_get": [
    "page_size",
  ],
  "get_workflow_execution_logs": [
    "activity_id",
    "limit",
  ],
  "get_workflow_registrations_v1_workflows_registrations_get": [
    "active_only",
    "limit",
    "workflow_search",
  ],
  "get_workflows_v1_workflows_get": [
    "active_only",
    "deployment_status",
    "limit",
    "order",
    "sort_by",
  ],
  "jobs_api_routes_batch_get_batch_jobs": [
    "created_after",
  ],
  "jobs_api_routes_fine_tuning_get_fine_tuning_jobs": [
    "created_after",
    "created_before",
    "wandb_name",
    "wandb_project",
  ],
  "libraries_documents_list_v1": [
    "filters_attributes",
  ],
  "list_deployments_v1_workflows_deployments_get": [
    "active_only",
    "limit",
    "workflow_name",
  ],
  "list_runs_v1_workflows_runs_get": [
    "deployment_name",
    "end_time_after",
    "end_time_before",
    "order",
    "page_size",
    "search",
    "sort_by",
    "start_time_after",
    "start_time_before",
    "user_id",
    "workflow_identifier",
  ],
  "search_latest_span_evaluations_v1_observability_spans_evaluations_search_latest_post": [
    "page_size",
  ],
  "search_logs_v1_observability_logs_search_post": [
    "page_size",
  ],
  "search_span_evaluations_v1_observability_spans_evaluations_search_post": [
    "page_size",
  ],
  "search_spans_v1_observability_spans_search_post": [
    "page_size",
  ],
  "search_traces_v1_observability_traces_search_post": [
    "page_size",
  ],
  "stream_workflow_execution_logs": [
    "activity_id",
  ],
}
`;
